#-----------------------------------------------------------
# Vivado v2023.1 (64-bit)
# SW Build 3865809 on Sun May  7 15:05:29 MDT 2023
# IP Build 3864474 on Sun May  7 20:36:21 MDT 2023
# SharedData Build 3865790 on Sun May 07 13:33:03 MDT 2023
# Start of session at: Thu Dec  7 22:22:13 2023
# Process ID: 15628
# Current directory: C:/Users/Nate/Desktop/UPD_Files/4th_Year/1st_Semester/CoE_168/SPI_Protocol_Implementation
# Command line: vivado.exe -gui_launcher_event rodinguilauncherevent8728 C:\Users\Nate\Desktop\UPD_Files\4th_Year\1st_Semester\CoE_168\SPI_Protocol_Implementation\SPI_Protocol_Implementation.xpr
# Log file: C:/Users/Nate/Desktop/UPD_Files/4th_Year/1st_Semester/CoE_168/SPI_Protocol_Implementation/vivado.log
# Journal file: C:/Users/Nate/Desktop/UPD_Files/4th_Year/1st_Semester/CoE_168/SPI_Protocol_Implementation\vivado.jou
# Running On: LAPTOP-01166KDR, OS: Windows, CPU Frequency: 2096 MHz, CPU Physical cores: 8, Host memory: 6378 MB
#-----------------------------------------------------------
start_gui
open_project C:/Users/Nate/Desktop/UPD_Files/4th_Year/1st_Semester/CoE_168/SPI_Protocol_Implementation/SPI_Protocol_Implementation.xpr
update_compile_order -fileset sources_1
